Read in 10485760 bytes

Frequency Table
0x00: 10485760

Dictionary
0x00: 0
