Read in 100 bytes

Frequency Table
0x61: 5
0x62: 9
0x63: 12
0x64: 13
0x65: 16
0x66: 45

Dictionary
0x61: 1100
0x62: 1101
0x63: 100
0x64: 101
0x65: 111
0x66: 0
