Read in 3 bytes

Frequency Table
0x00: 1
0x01: 2

Dictionary
0x00: 0
0x01: 1
