Read in 1 bytes

Frequency Table
0x01: 1

Dictionary
0x01: 0
