Read in 10 bytes

Frequency Table
0x00: 1
0x01: 2
0x02: 3
0x03: 4

Dictionary
0x00: 110
0x01: 111
0x02: 10
0x03: 0
