Read in 6 bytes

Frequency Table
0x00: 1
0x01: 2
0x02: 3

Dictionary
0x00: 10
0x01: 11
0x02: 0
