Read in 4 bytes

Frequency Table
0x00: 1
0x01: 1
0x02: 1
0x03: 1

Dictionary
0x00: 00
0x01: 10
0x02: 01
0x03: 11
