Read in 2 bytes

Frequency Table
0x01: 1
0x02: 1

Dictionary
0x01: 0
0x02: 1
