Read in 5 bytes

Frequency Table
0x00: 1
0x01: 1
0x02: 1
0x03: 1
0x04: 1

Dictionary
0x00: 110
0x01: 10
0x02: 111
0x03: 01
0x04: 00
