Read in 15 bytes

Frequency Table
0x00: 1
0x01: 2
0x02: 3
0x03: 4
0x04: 5

Dictionary
0x00: 010
0x01: 011
0x02: 00
0x03: 10
0x04: 11
