Read in 3 bytes

Frequency Table
0x00: 1
0x01: 1
0x02: 1

Dictionary
0x00: 10
0x01: 11
0x02: 0
