Read in 46 bytes

Frequency Table
0x41: 11
0x42: 6
0x43: 2
0x44: 10
0x45: 7
0x5F: 10

Dictionary
0x41: 10
0x42: 1111
0x43: 1110
0x44: 01
0x45: 110
0x5F: 00
